[    0.000000] Linux version 4.15.0-212-generic (buildd@lcy02-amd64-083) (gcc version 7.5.0 (Ubuntu 7.5.0-3ubuntu1~18.04)) #223-Ubuntu SMP Tue May 23 13:09:22 UTC 2023 (Ubuntu 4.15.0-212.223-generic 4.15.18)
[    0.000000] Command line: BOOT_IMAGE=/boot/vmlinuz-4.15.0-212-generic root=LABEL=cloudimg-rootfs ro console=tty1 console=ttyS0
[    0.000000] KERNEL supported cpus:
[    0.000000]   Intel GenuineIntel
[    0.000000]   AMD AuthenticAMD
[    0.000000]   Centaur CentaurHauls
[    0.000000] [Firmware Bug]: TSC doesn't count with P0 frequency!
[    0.000000] x86/fpu: Supporting XSAVE feature 0x001: 'x87 floating point registers'
[    0.000000] x86/fpu: Supporting XSAVE feature 0x002: 'SSE registers'
[    0.000000] x86/fpu: Supporting XSAVE feature 0x004: 'AVX registers'
[    0.000000] x86/fpu: xstate_offset[2]:  576, xstate_sizes[2]:  256
[    0.000000] x86/fpu: Enabled xstate features 0x7, context size is 832 bytes, using 'standard' format.
[    0.000000] e820: BIOS-provided physical RAM map:
[    0.000000] BIOS-e820: [mem 0x0000000000000000-0x000000000009fbff] usable
[    0.000000] BIOS-e820: [mem 0x000000000009fc00-0x000000000009ffff] reserved
[    0.000000] BIOS-e820: [mem 0x00000000000f0000-0x00000000000fffff] reserved
[    0.000000] BIOS-e820: [mem 0x0000000000100000-0x000000003ffeffff] usable
[    0.000000] BIOS-e820: [mem 0x000000003fff0000-0x000000003fffffff] ACPI data
[    0.000000] BIOS-e820: [mem 0x00000000fec00000-0x00000000fec00fff] reserved
[    0.000000] BIOS-e820: [mem 0x00000000fee00000-0x00000000fee00fff] reserved
[    0.000000] BIOS-e820: [mem 0x00000000fffc0000-0x00000000ffffffff] reserved
[    0.000000] NX (Execute Disable) protection: active
[    0.000000] SMBIOS 2.5 present.
[    0.000000] DMI: innotek GmbH VirtualBox/VirtualBox, BIOS VirtualBox 12/01/2006
[    0.000000] Hypervisor detected: KVM
[    0.000000] e820: last_pfn = 0x3fff0 max_arch_pfn = 0x400000000
[    0.000000] x86/PAT: Configuration [0-7]: WB  WC  UC- UC  WB  WP  UC- WT  
[    0.000000] found SMP MP-table at [mem 0x0009fbf0-0x0009fbff]
[    0.000000] Scanning 1 areas for low memory corruption
[    0.000000] RAMDISK: [mem 0x359cb000-0x36cdcfff]
[    0.000000] ACPI: Early table checksum verification disabled
[    0.000000] ACPI: RSDP 0x00000000000E0000 000024 (v02 VBOX  )
[    0.000000] ACPI: XSDT 0x000000003FFF0030 00003C (v01 VBOX   VBOXXSDT 00000001 ASL  00000061)
[    0.000000] ACPI: FACP 0x000000003FFF00F0 0000F4 (v04 VBOX   VBOXFACP 00000001 ASL  00000061)
[    0.000000] ACPI: DSDT 0x000000003FFF0610 002353 (v02 VBOX   VBOXBIOS 00000002 INTL 20200925)
[    0.000000] ACPI: FACS 0x000000003FFF0200 000040
[    0.000000] ACPI: FACS 0x000000003FFF0200 000040
[    0.000000] ACPI: APIC 0x000000003FFF0240 00005C (v02 VBOX   VBOXAPIC 00000001 ASL  00000061)
[    0.000000] ACPI: SSDT 0x000000003FFF02A0 00036C (v01 VBOX   VBOXCPUT 00000002 INTL 20200925)
[    0.000000] ACPI: Reserving FACP table memory at [mem 0x3fff00f0-0x3fff01e3]
[    0.000000] ACPI: Reserving DSDT table memory at [mem 0x3fff0610-0x3fff2962]
[    0.000000] ACPI: Reserving FACS table memory at [mem 0x3fff0200-0x3fff023f]
[    0.000000] ACPI: Reserving FACS table memory at [mem 0x3fff0200-0x3fff023f]
[    0.000000] ACPI: Reserving APIC table memory at [mem 0x3fff0240-0x3fff029b]
[    0.000000] ACPI: Reserving SSDT table memory at [mem 0x3fff02a0-0x3fff060b]
[    0.000000] No NUMA configuration found
[    0.000000] Faking a node at [mem 0x0000000000000000-0x000000003ffeffff]
[    0.000000] NODE_DATA(0) allocated [mem 0x3ffc5000-0x3ffeffff]
[    0.000000] kvm-clock: cpu 0, msr 0:3ff44001, primary cpu clock
[    0.000000] kvm-clock: Using msrs 4b564d01 and 4b564d00
[    0.000000] kvm-clock: using sched offset of 2880316345 cycles
[    0.000000] clocksource: kvm-clock: mask: 0xffffffffffffffff max_cycles: 0x1cd42e4dffb, max_idle_ns: 881590591483 ns
[    0.000000] Zone ranges:
[    0.000000]   DMA      [mem 0x0000000000001000-0x0000000000ffffff]
[    0.000000]   DMA32    [mem 0x0000000001000000-0x000000003ffeffff]
[    0.000000]   Normal   empty
[    0.000000]   Device   empty
[    0.000000] Movable zone start for each node
[    0.000000] Early memory node ranges
[    0.000000]   node   0: [mem 0x0000000000001000-0x000000000009efff]
[    0.000000]   node   0: [mem 0x0000000000100000-0x000000003ffeffff]
[    0.000000] Reserved but unavailable: 104 pages
[    0.000000] Initmem setup node 0 [mem 0x0000000000001000-0x000000003ffeffff]
[    0.000000] ACPI: PM-Timer IO Port: 0x4008
[    0.000000] IOAPIC[0]: apic_id 2, version 32, address 0xfec00000, GSI 0-23
[    0.000000] ACPI: INT_SRC_OVR (bus 0 bus_irq 0 global_irq 2 dfl dfl)
[    0.000000] ACPI: INT_SRC_OVR (bus 0 bus_irq 9 global_irq 9 low level)
[    0.000000] Using ACPI (MADT) for SMP configuration information
[    0.000000] smpboot: Allowing 2 CPUs, 0 hotplug CPUs
[    0.000000] PM: Registered nosave memory: [mem 0x00000000-0x00000fff]
[    0.000000] PM: Registered nosave memory: [mem 0x0009f000-0x0009ffff]
[    0.000000] PM: Registered nosave memory: [mem 0x000a0000-0x000effff]
[    0.000000] PM: Registered nosave memory: [mem 0x000f0000-0x000fffff]
[    0.000000] e820: [mem 0x40000000-0xfebfffff] available for PCI devices
[    0.000000] Booting paravirtualized kernel on KVM
[    0.000000] clocksource: refined-jiffies: mask: 0xffffffff max_cycles: 0xffffffff, max_idle_ns: 7645519600211568 ns
[    0.000000] setup_percpu: NR_CPUS:8192 nr_cpumask_bits:2 nr_cpu_ids:2 nr_node_ids:1
[    0.000000] percpu: Embedded 50 pages/cpu s167936 r8192 d28672 u1048576
[    0.000000] PV qspinlock hash table entries: 256 (order: 0, 4096 bytes)
[    0.000000] Built 1 zonelists, mobility grouping on.  Total pages: 257913
[    0.000000] Policy zone: DMA32
[    0.000000] Kernel command line: BOOT_IMAGE=/boot/vmlinuz-4.15.0-212-generic root=LABEL=cloudimg-rootfs ro console=tty1 console=ttyS0
[    0.000000] Memory: 982644K/1048120K available (12300K kernel code, 2477K rwdata, 4324K rodata, 2480K init, 2720K bss, 65476K reserved, 0K cma-reserved)
[    0.000000] SLUB: HWalign=64, Order=0-3, MinObjects=0, CPUs=2, Nodes=1
[    0.000000] ftrace: allocating 39508 entries in 155 pages
[    0.004000] Hierarchical RCU implementation.
[    0.004000] 	RCU restricting CPUs from NR_CPUS=8192 to nr_cpu_ids=2.
[    0.004000] 	Tasks RCU enabled.
[    0.004000] RCU: Adjusting geometry for rcu_fanout_leaf=16, nr_cpu_ids=2
[    0.004000] NR_IRQS: 524544, nr_irqs: 440, preallocated irqs: 16
[    0.004000] random: crng init done
[    0.004000] Console: colour VGA+ 80x25
[    0.004000] console [tty1] enabled
[    0.004000] console [ttyS0] enabled
[    0.004000] ACPI: Core revision 20170831
[    0.004000] ACPI: 2 ACPI AML tables successfully acquired and loaded
[    0.004000] APIC: Switch to symmetric I/O mode setup
[    0.004000] x2apic enabled
[    0.004000] Switched APIC routing to physical x2apic.
[    0.004000] ..TIMER: vector=0x30 apic1=0 pin1=2 apic2=-1 pin2=-1
[    0.004000] tsc: Detected 3293.834 MHz processor
[    0.004000] Calibrating delay loop (skipped) preset value.. 6587.66 BogoMIPS (lpj=13175336)
[    0.004023] pid_max: default: 32768 minimum: 301
[    0.004582] Security Framework initialized
[    0.005053] Yama: becoming mindful.
[    0.005479] AppArmor: AppArmor initialized
[    0.006373] Dentry cache hash table entries: 131072 (order: 8, 1048576 bytes)
[    0.007169] Inode-cache hash table entries: 65536 (order: 7, 524288 bytes)
[    0.008007] Mount-cache hash table entries: 2048 (order: 2, 16384 bytes)
[    0.008692] Mountpoint-cache hash table entries: 2048 (order: 2, 16384 bytes)
[    0.009729] Last level iTLB entries: 4KB 512, 2MB 512, 4MB 256
[    0.010348] Last level dTLB entries: 4KB 2048, 2MB 2048, 4MB 1024, 1GB 0
[    0.011049] Spectre V1 : Mitigation: usercopy/swapgs barriers and __user pointer sanitization
[    0.012002] Spectre V2 : Mitigation: Retpolines
[    0.012501] Spectre V2 : Spectre v2 / SpectreRSB mitigation: Filling RSB on context switch
[    0.013400] Spectre V2 : Spectre v2 / SpectreRSB : Filling RSB on VMEXIT
[    0.014405] Freeing SMP alternatives memory: 36K
[    0.125133] smpboot: CPU0: AMD Ryzen 5 6600H with Radeon Graphics (family: 0x19, model: 0x44, stepping: 0x1)
[    0.126219] Performance Events: PMU not available due to virtualization, using software events only.
[    0.127205] Hierarchical SRCU implementation.
[    0.128000] NMI watchdog: Perf event create on CPU 0 failed with -2
[    0.128000] NMI watchdog: Perf NMI watchdog permanently disabled
[    0.128034] smp: Bringing up secondary CPUs ...
[    0.128594] x86: Booting SMP configuration:
[    0.129081] .... node  #0, CPUs:      #1
[    0.004000] kvm-clock: cpu 1, msr 0:3ff44041, secondary cpu clock
[    0.132012] smp: Brought up 1 node, 2 CPUs
[    0.132436] smpboot: Max logical packages: 1
[    0.132879] smpboot: Total of 2 processors activated (13175.33 BogoMIPS)
[    0.133732] devtmpfs: initialized
[    0.133732] x86/mm: Memory block size: 128MB
[    0.133732] evm: security.selinux
[    0.133732] evm: security.SMACK64
[    0.133801] evm: security.SMACK64EXEC
[    0.134228] evm: security.SMACK64TRANSMUTE
[    0.136002] evm: security.SMACK64MMAP
[    0.136433] evm: security.apparmor
[    0.136818] evm: security.ima
[    0.137185] evm: security.capability
[    0.137627] clocksource: jiffies: mask: 0xffffffff max_cycles: 0xffffffff, max_idle_ns: 7645041785100000 ns
[    0.137627] futex hash table entries: 512 (order: 3, 32768 bytes)
[    0.140018] pinctrl core: initialized pinctrl subsystem
[    0.140653] RTC time:  6:54:05, date: 12/12/24
[    0.141253] NET: Registered protocol family 16
[    0.141805] audit: initializing netlink subsys (disabled)
[    0.142388] audit: type=2000 audit(1733986449.074:1): state=initialized audit_enabled=0 res=1
[    0.142388] cpuidle: using governor ladder
[    0.144008] cpuidle: using governor menu
[    0.144566] ACPI: bus type PCI registered
[    0.144566] acpiphp: ACPI Hot Plug PCI Controller Driver version: 0.5
[    0.145195] PCI: Using configuration type 1 for base access
[    0.145787] PCI: Using configuration type 1 for extended access
[    0.148015] HugeTLB registered 2.00 MiB page size, pre-allocated 0 pages
[    0.148038] ACPI: Added _OSI(Module Device)
[    0.148527] ACPI: Added _OSI(Processor Device)
[    0.149023] ACPI: Added _OSI(3.0 _SCP Extensions)
[    0.149549] ACPI: Added _OSI(Processor Aggregator Device)
[    0.150135] ACPI: Added _OSI(Linux-Dell-Video)
[    0.150625] ACPI: Added _OSI(Linux-Lenovo-NV-HDMI-Audio)
[    0.151207] ACPI: Added _OSI(Linux-HPI-Hybrid-Graphics)
[    0.152209] ACPI: Executed 1 blocks of module-level executable AML code
[    0.154650] ACPI: Interpreter enabled
[    0.155087] ACPI: (supports S0 S5)
[    0.155467] ACPI: Using IOAPIC for interrupt routing
[    0.156000] PCI: Using host bridge windows from ACPI; if necessary, use "pci=nocrs" and report a bug
[    0.156000] ACPI: Enabled 2 GPEs in block 00 to 07
[    0.159043] ACPI: PCI Root Bridge [PCI0] (domain 0000 [bus 00-ff])
[    0.160005] acpi PNP0A03:00: _OSC: OS supports [ExtendedConfig ASPM ClockPM Segments MSI]
[    0.161404] acpi PNP0A03:00: _OSC: platform does not support [PCIeCapability]
[    0.162375] acpi PNP0A03:00: _OSC: not requesting control; platform does not support [PCIeCapability]
[    0.163374] acpi PNP0A03:00: _OSC: OS requested [PCIeHotplug PME AER PCIeCapability]
[    0.164001] acpi PNP0A03:00: _OSC: platform willing to grant [PCIeHotplug PME AER]
[    0.164879] acpi PNP0A03:00: _OSC failed (AE_SUPPORT); disabling ASPM
[    0.165745] PCI host bridge to bus 0000:00
[    0.166212] pci_bus 0000:00: root bus resource [io  0x0000-0x0cf7 window]
[    0.166843] pci_bus 0000:00: root bus resource [io  0x0d00-0xffff window]
[    0.168002] pci_bus 0000:00: root bus resource [mem 0x000a0000-0x000bffff window]
[    0.169391] pci_bus 0000:00: root bus resource [mem 0x40000000-0xfdffffff window]
[    0.170080] pci_bus 0000:00: root bus resource [bus 00-ff]
[    0.172491] pci 0000:00:01.1: legacy IDE quirk: reg 0x10: [io  0x01f0-0x01f7]
[    0.173209] pci 0000:00:01.1: legacy IDE quirk: reg 0x14: [io  0x03f6]
[    0.173874] pci 0000:00:01.1: legacy IDE quirk: reg 0x18: [io  0x0170-0x0177]
[    0.174591] pci 0000:00:01.1: legacy IDE quirk: reg 0x1c: [io  0x0376]
[    0.181154] pci 0000:00:07.0: quirk: [io  0x4000-0x403f] claimed by PIIX4 ACPI
[    0.181944] pci 0000:00:07.0: quirk: [io  0x4100-0x410f] claimed by PIIX4 SMB
[    0.186513] ACPI: PCI Interrupt Link [LNKA] (IRQs 5 9 10 *11)
[    0.187299] ACPI: PCI Interrupt Link [LNKB] (IRQs 5 9 *10 11)
[    0.188069] ACPI: PCI Interrupt Link [LNKC] (IRQs 5 *9 10 11)
[    0.188788] ACPI: PCI Interrupt Link [LNKD] (IRQs 5 9 10 *11)
[    0.189718] SCSI subsystem initialized
[    0.190165] pci 0000:00:02.0: vgaarb: setting as boot VGA device
[    0.190165] pci 0000:00:02.0: vgaarb: VGA device added: decodes=io+mem,owns=io+mem,locks=none
[    0.192003] pci 0000:00:02.0: vgaarb: bridge control possible
[    0.192592] vgaarb: loaded
[    0.192928] ACPI: bus type USB registered
[    0.193380] usbcore: registered new interface driver usbfs
[    0.193977] usbcore: registered new interface driver hub
[    0.194525] usbcore: registered new device driver usb
[    0.195059] EDAC MC: Ver: 3.0.0
[    0.195059] PCI: Using ACPI for IRQ routing
[    0.196119] NetLabel: Initializing
[    0.196525] NetLabel:  domain hash size = 128
[    0.196953] NetLabel:  protocols = UNLABELED CIPSOv4 CALIPSO
[    0.197471] NetLabel:  unlabeled traffic allowed by default
[    0.197972] clocksource: Switched to clocksource kvm-clock
[    0.203947] VFS: Disk quotas dquot_6.6.0
[    0.204201] VFS: Dquot-cache hash table entries: 512 (order 0, 4096 bytes)
[    0.204201] AppArmor: AppArmor Filesystem Enabled
[    0.204201] pnp: PnP ACPI init
[    0.204201] pnp: PnP ACPI: found 3 devices
[    0.213362] clocksource: acpi_pm: mask: 0xffffff max_cycles: 0xffffff, max_idle_ns: 2085701024 ns
[    0.214305] NET: Registered protocol family 2
[    0.214809] IP idents hash table entries: 16384 (order: 5, 131072 bytes)
[    0.216010] TCP established hash table entries: 8192 (order: 4, 65536 bytes)
[    0.216461] TCP bind hash table entries: 8192 (order: 5, 131072 bytes)
[    0.216461] TCP: Hash tables configured (established 8192 bind 8192)
[    0.216461] UDP hash table entries: 512 (order: 2, 16384 bytes)
[    0.216461] UDP-Lite hash table entries: 512 (order: 2, 16384 bytes)
[    0.216461] NET: Registered protocol family 1
[    0.216461] pci 0000:00:00.0: Limiting direct PCI/PCI transfers
[    0.220025] pci 0000:00:01.0: Activating ISA DMA hang workarounds
[    0.220654] pci 0000:00:02.0: Video device with shadowed ROM at [mem 0x000c0000-0x000dffff]
[    0.221599] Unpacking initramfs...
[    0.224006] Freeing initrd memory: 19528K
[    0.224006] clocksource: tsc: mask: 0xffffffffffffffff max_cycles: 0x2f7a8b8eac2, max_idle_ns: 440795275710 ns
[    0.224006] platform rtc_cmos: registered platform RTC device (no PNP device found)
[    0.224006] Scanning for low memory corruption every 60 seconds
[    0.408156] Initialise system trusted keyrings
[    0.408645] Key type blacklist registered
[    0.409146] workingset: timestamp_bits=36 max_order=18 bucket_order=0
[    0.410309] zbud: loaded
[    0.410923] squashfs: version 4.0 (2009/01/31) Phillip Lougher
[    0.411615] fuse init (API version 7.26)
[    0.413491] Key type asymmetric registered
[    0.413979] Asymmetric key parser 'x509' registered
[    0.414537] Block layer SCSI generic (bsg) driver version 0.4 loaded (major 246)
[    0.415377] io scheduler noop registered
[    0.415968] io scheduler deadline registered
[    0.416796] io scheduler cfq registered (default)
[    0.417484] ACPI: AC Adapter [AC] (on-line)
[    0.417988] input: Power Button as /devices/LNXSYSTM:00/LNXPWRBN:00/input/input0
[    0.418815] ACPI: Power Button [PWRF]
[    0.419177] input: Sleep Button as /devices/LNXSYSTM:00/LNXSLPBN:00/input/input1
[    0.419804] ACPI: Sleep Button [SLPF]
[    0.420772] ACPI: Battery Slot [BAT0] (battery present)
[    0.421384] Serial: 8250/16550 driver, 32 ports, IRQ sharing enabled
[    0.442478] 00:02: ttyS0 at I/O 0x3f8 (irq = 4, base_baud = 115200) is a 16550A
[    0.444758] Linux agpgart interface v0.103
[    0.446298] loop: module loaded
[    0.447028] scsi host0: ata_piix
[    0.447470] scsi host1: ata_piix
[    0.447857] ata1: PATA max UDMA/33 cmd 0x1f0 ctl 0x3f6 bmdma 0xd000 irq 14
[    0.448619] ata2: PATA max UDMA/33 cmd 0x170 ctl 0x376 bmdma 0xd008 irq 15
[    0.449503] tun: Universal TUN/TAP device driver, 1.6
[    0.450111] PPP generic driver version 2.4.2
[    0.450616] ehci_hcd: USB 2.0 'Enhanced' Host Controller (EHCI) Driver
[    0.451230] ehci-pci: EHCI PCI platform driver
[    0.451739] ehci-platform: EHCI generic platform driver
[    0.452305] ohci_hcd: USB 1.1 'Open' Host Controller (OHCI) Driver
[    0.452946] ohci-pci: OHCI PCI platform driver
[    0.453438] ohci-platform: OHCI generic platform driver
[    0.454014] uhci_hcd: USB Universal Host Controller Interface driver
[    0.454691] i8042: PNP: PS/2 Controller [PNP0303:PS2K,PNP0f03:PS2M] at 0x60,0x64 irq 1,12
[    0.455971] serio: i8042 KBD port at 0x60,0x64 irq 1
[    0.456550] serio: i8042 AUX port at 0x60,0x64 irq 12
[    0.457185] mousedev: PS/2 mouse device common for all mice
[    0.457978] input: AT Translated Set 2 keyboard as /devices/platform/i8042/serio0/input/input2
[    0.459155] rtc_cmos rtc_cmos: rtc core: registered rtc_cmos as rtc0
[    0.459861] rtc_cmos rtc_cmos: alarms up to one day, 114 bytes nvram
[    0.460578] i2c /dev entries driver
[    0.461023] device-mapper: uevent: version 1.0.3
[    0.461613] device-mapper: ioctl: 4.37.0-ioctl (2017-09-20) initialised: dm-devel@redhat.com
[    0.462564] ledtrig-cpu: registered to indicate activity on CPUs
[    0.463451] NET: Registered protocol family 10
[    0.466103] Segment Routing with IPv6
[    0.466537] NET: Registered protocol family 17
[    0.467071] Key type dns_resolver registered
[    0.467889] mce: Using 0 MCE banks
[    0.468516] RAS: Correctable Errors collector initialized.
[    0.469095] sched_clock: Marking stable (468504631, 0)->(578578908, -110074277)
[    0.470103] registered taskstats version 1
[    0.470562] Loading compiled-in X.509 certificates
[    0.472191] Loaded X.509 cert 'Build time autogenerated kernel key: b5b26778eaa3ab3a4a6cee031137706e947d12ad'
[    0.473489] Loaded X.509 cert 'Canonical Ltd. Live Patch Signing: 14df34d1a87cf37625abec039ef2bf521249b969'
[    0.474784] Loaded X.509 cert 'Canonical Ltd. Kernel Module Signing: 88f752e560a1e0737e31163a466ad7b70a850c19'
[    0.475819] blacklist: Loading compiled-in revocation X.509 certificates
[    0.476496] Loaded X.509 cert 'Canonical Ltd. Secure Boot Signing: 61482aa2830d0ab2ad5af10b7250da9033ddcef0'
[    0.477498] Loaded X.509 cert 'Canonical Ltd. Secure Boot Signing (2017): 242ade75ac4a15e50d50c84b0d45ff3eae707a03'
[    0.478549] Loaded X.509 cert 'Canonical Ltd. Secure Boot Signing (ESM 2018): 365188c1d374d6b07c3c8f240f8ef722433d6a8b'
[    0.479624] Loaded X.509 cert 'Canonical Ltd. Secure Boot Signing (2019): c0746fd6c5da3ae827864651ad66ae47fe24b3e8'
[    0.480720] Loaded X.509 cert 'Canonical Ltd. Secure Boot Signing (2021 v1): a8d54bbb3825cfb94fa13c9f8a594a195c107b8d'
[    0.481797] Loaded X.509 cert 'Canonical Ltd. Secure Boot Signing (2021 v2): 4cf046892d6fd3c9a5b03f98d845f90851dc6a8c'
[    0.482868] Loaded X.509 cert 'Canonical Ltd. Secure Boot Signing (2021 v3): 100437bb6de6e469b581e61cd66bce3ef4ed53af'
[    0.483947] Loaded X.509 cert 'Canonical Ltd. Secure Boot Signing (Ubuntu Core 2019): c1d57b8f6b743f23ee41f4f7ee292f06eecadfb9'
[    0.485099] zswap: loaded using pool lzo/zbud
[    0.487758] Key type big_key registered
[    0.488196] Key type trusted registered
[    0.489376] Key type encrypted registered
[    0.489822] AppArmor: AppArmor sha1 policy hashing enabled
[    0.490409] ima: No TPM chip found, activating TPM-bypass! (rc=-19)
[    0.491102] ima: Allocated hash algorithm: sha1
[    0.491618] evm: HMAC attrs: 0x1
[    0.492148]   Magic number: 4:464:923
[    0.492634] rtc_cmos rtc_cmos: setting system clock to 2024-12-12 06:54:05 UTC (1733986445)
[    0.493625] BIOS EDD facility v0.16 2004-Jun-25, 0 devices found
[    0.494252] EDD information not available.
[    0.631506] Freeing unused kernel image memory: 2480K
[    0.644051] Write protecting the kernel read-only data: 20480k
[    0.645410] Freeing unused kernel image memory: 2008K
[    0.646173] Freeing unused kernel image memory: 1820K
[    0.649897] x86/mm: Checked W+X mappings: passed, no W+X pages found.
Loading, please wait...
starting version 237
[    0.685163] e1000: Intel(R) PRO/1000 Network Driver - version 7.3.21-k8-NAPI
[    0.685900] e1000: Copyright (c) 1999-2006 Intel Corporation.
[    0.689856] Fusion MPT base driver 3.04.20
[    0.690312] Copyright (c) 1999-2008 LSI Corporation
[    0.694525] Fusion MPT SPI Host driver 3.04.20
[    0.701353] AVX2 version of gcm_enc/dec engaged.
[    0.701856] AES CTR mode by8 optimization enabled
[    0.901509] input: ImExPS/2 Generic Explorer Mouse as /devices/platform/i8042/serio1/input/input4
[    1.022987] e1000 0000:00:03.0 eth0: (PCI:33MHz:32-bit) 02:3b:7b:b7:3b:2d
[    1.023760] e1000 0000:00:03.0 eth0: Intel(R) PRO/1000 Network Connection
[    1.025029] mptbase: ioc0: Initiating bringup
[    1.132388] ioc0: LSI53C1030 A0: Capabilities={Initiator}
[    1.381406] scsi host2: ioc0: LSI53C1030 A0, FwRev=00000000h, Ports=1, MaxQ=256, IRQ=20
[    2.841416] scsi 2:0:0:0: Direct-Access     VBOX     HARDDISK         1.0  PQ: 0 ANSI: 5
[    2.876044] scsi target2:0:0: Beginning Domain Validation
[    2.878044] scsi target2:0:0: Domain Validation skipping write tests
[    2.879467] scsi target2:0:0: Ending Domain Validation
[    2.880117] scsi target2:0:0: asynchronous
[    2.880895] scsi 2:0:1:0: Direct-Access     VBOX     HARDDISK         1.0  PQ: 0 ANSI: 5
[    3.144070] scsi target2:0:1: Beginning Domain Validation
[    3.145844] scsi target2:0:1: Domain Validation skipping write tests
[    3.146545] scsi target2:0:1: Ending Domain Validation
[    3.147159] scsi target2:0:1: asynchronous
[    3.149933] sd 2:0:0:0: Attached scsi generic sg0 type 0
[    3.150700] sd 2:0:0:0: [sda] 83886080 512-byte logical blocks: (42.9 GB/40.0 GiB)
[    3.150717] sd 2:0:1:0: Attached scsi generic sg1 type 0
[    3.152367] sd 2:0:0:0: [sda] Write Protect is off
[    3.152999] sd 2:0:1:0: [sdb] 20480 512-byte logical blocks: (10.5 MB/10.0 MiB)
[    3.153028] sd 2:0:0:0: [sda] Incomplete mode parameter data
[    3.154562] sd 2:0:0:0: [sda] Assuming drive cache: write through
[    3.154627] sd 2:0:1:0: [sdb] Write Protect is off
[    3.155879] sd 2:0:1:0: [sdb] Incomplete mode parameter data
[    3.156555] sd 2:0:1:0: [sdb] Assuming drive cache: write through
[    3.166645]  sda: sda1
[    3.167646] sd 2:0:0:0: [sda] Attached SCSI disk
[    3.168322] sd 2:0:1:0: [sdb] Attached SCSI disk
[    3.186763] e1000 0000:00:08.0 eth1: (PCI:33MHz:32-bit) 08:00:27:e9:4f:4a
[    3.187668] e1000 0000:00:08.0 eth1: Intel(R) PRO/1000 Network Connection
[    3.189055] e1000 0000:00:03.0 enp0s3: renamed from eth0
[    3.208283] e1000 0000:00:08.0 enp0s8: renamed from eth1
Begin: Loading essential drivers ... [    4.716055] raid6: sse2x1   gen()  8160 MB/s
[    4.764028] raid6: sse2x1   xor() 13051 MB/s
[    4.812019] raid6: sse2x2   gen() 16309 MB/s
[    4.860043] raid6: sse2x2   xor() 16370 MB/s
[    4.908047] raid6: sse2x4   gen() 22719 MB/s
[    4.956040] raid6: sse2x4   xor() 11514 MB/s
[    5.004036] raid6: avx2x1   gen() 18887 MB/s
[    5.052048] raid6: avx2x1   xor() 25829 MB/s
[    5.100040] raid6: avx2x2   gen() 36470 MB/s
[    5.148043] raid6: avx2x2   xor() 30460 MB/s
[    5.196037] raid6: avx2x4   gen() 39627 MB/s
[    5.244050] raid6: avx2x4   xor() 15926 MB/s
[    5.244586] raid6: using algorithm avx2x4 gen() 39627 MB/s
[    5.245151] raid6: .... xor() 15926 MB/s, rmw enabled
[    5.245663] raid6: using avx2x2 recovery algorithm
[    5.247364] xor: automatically using best checksumming function   avx       
[    5.248723] async_tx: api initialized (async)
done.
Begin: Running /scripts/init-premount ... done.
Begin: Mounting root file system ... Begin: Running /scripts/local-top ... done.
Begin: Running /scripts/local-premount ... [    5.272368] Btrfs loaded, crc32c=crc32c-intel
Scanning for Btrfs filesystems
done.
Warning: fsck not present, so skipping root file system
[    5.289961] EXT4-fs (sda1): mounted filesystem with ordered data mode. Opts: (null)
done.
Begin: Running /scripts/local-bottom ... done.
Begin: Running /scripts/init-bottom ... done.
[    5.385987] ip_tables: (C) 2000-2006 Netfilter Core Team
[    5.390779] systemd[1]: systemd 237 running in system mode. (+PAM +AUDIT +SELINUX +IMA +APPARMOR +SMACK +SYSVINIT +UTMP +LIBCRYPTSETUP +GCRYPT +GNUTLS +ACL +XZ +LZ4 +SECCOMP +BLKID +ELFUTILS +KMOD -IDN2 +IDN -PCRE2 default-hierarchy=hybrid)
[    5.392816] systemd[1]: Detected virtualization oracle.
[    5.393412] systemd[1]: Detected architecture x86-64.

Welcome to [1mUbuntu 18.04.6 LTS[0m!

[    5.408435] systemd[1]: Set hostname to <ubuntu>.
[    5.410302] systemd[1]: Initializing machine ID from random generator.
[    5.411019] systemd[1]: Installed transient /etc/machine-id file.
[    5.560745] systemd[1]: Started Forward Password Requests to Wall Directory Watch.
[[0;32m  OK  [0m] Started Forward Password Requests to Wall Directory Watch.
[    5.562871] systemd[1]: Created slice User and Session Slice.
[[0;32m  OK  [0m] Created slice User and Session Slice.
[    5.576115] systemd[1]: Reached target Swap.
[[0;32m  OK  [0m] Reached target Swap.
[    5.577383] systemd[1]: Reached target User and Group Name Lookups.
[[0;32m  OK  [0m] Reached target User and Group Name Lookups.
[[0;32m  OK  [0m] Set up automount Arbitrary Executabâ€¦rmats File System Automount Point.
[[0;32m  OK  [0m] Reached target System Time Synchronized.
[[0;32m  OK  [0m] Created slice System Slice.
[[0;32m  OK  [0m] Listening on udev Control Socket.
[[0;32m  OK  [0m] Listening on Journal Socket (/dev/log).
[[0;32m  OK  [0m] Listening on udev Kernel Socket.
[[0;32m  OK  [0m] Created slice system-serial\x2dgetty.slice.
[[0;32m  OK  [0m] Reached target Slices.
[[0;32m  OK  [0m] Listening on Journal Socket.
         Starting Create list of required stâ€¦ce nodes for the current kernel...
         Starting Load Kernel Modules...
[[0;32m  OK  [0m] Listening on LVM2 poll daemon socket.
[[0;32m  OK  [0m] Listening on Journal Audit Socket.
         Starting Set the console keyboard layout...
[    5.629925] Loading iSCSI transport class v2.0-870.
         Starting Uncomplicated firewall...
         Mounting POSIX Message Queue File System...
[[0;32m  OK  [0m] Reached target Mounting snaps.
[[0;32m  OK  [0m] Reached target Mounted snaps.
         Starting udev Coldplug all Devices...
[[0;32m  OK  [0m] Listening on LVM2 metadata daemon socket.
[[0;32m  OK  [0m] Listening on Syslog Socket.
[    5.633716] iscsi: registered transport (tcp)
         Starting Journal Service...
         Mounting Huge Pages File System...
[[0;32m  OK  [0m] Listening on fsck to fsckd communication Socket.
[    5.644656] iscsi: registered transport (iser)
         Starting File System Check on Root Device...
[[0;32m  OK  [0m] Listening on Network Service Netlink Socket.
[[0;32m  OK  [0m] Listening on /dev/initctl Compatibility Named Pipe.
         Mounting Kernel Debug File System...
[[0;32m  OK  [0m] Listening on Device-mapper event daemon FIFOs.
         Starting Monitoring of LVM2 mirrorsâ€¦ng dmeventd or progress polling...
[[0;32m  OK  [0m] Started Create list of required staâ€¦vice nodes for the current kernel.
[[0;32m  OK  [0m] Started Load Kernel Modules.
[[0;32m  OK  [0m] Started Uncomplicated firewall.
[[0;32m  OK  [0m] Mounted POSIX Message Queue File System.
[[0;32m  OK  [0m] Mounted Huge Pages File System.
[[0;32m  OK  [0m] Mounted Kernel Debug File System.
         Starting Apply Kernel Variables...
         Mounting FUSE Control File System...
         Mounting Kernel Configuration File System...
         Starting Create Static Device Nodes in /dev...
[[0;32m  OK  [0m] Mounted FUSE Control File System.
[[0;32m  OK  [0m] Mounted Kernel Configuration File System.
[[0;32m  OK  [0m] Started File System Check Daemon to report status.
[[0;32m  OK  [0m] Started Journal Service.
[[0;32m  OK  [0m] Started udev Coldplug all Devices.
[[0;32m  OK  [0m] Started LVM2 metadata daemon.
[[0;32m  OK  [0m] Started Create Static Device Nodes in /dev.
[[0;32m  OK  [0m] Started File System Check on Root Device.
         Starting Remount Root and Kernel File Systems...
[[0;32m  OK  [0m] Started Apply Kernel Variables.
[[0;32m  OK  [0m] Started Monitoring of LVM2 mirrors,â€¦sing dmeventd or progress polling.
[[0;32m  OK  [0m] Started Remount Root and Kernel File Systems.
         Starting Load/Save Random Seed...
         Starting udev Kernel Device Manager...
         Starting Flush Journal to Persistent Storage...
[[0;32m  OK  [0m] Started Load/Save Random Seed.
[[0;32m  OK  [0m] Started udev Kernel Device Manager.
[[0;32m  OK  [0m] Started Flush Journal to Persistent Storage.
[[0;32m  OK  [0m] Found device /dev/ttyS0.
         Mounting Arbitrary Executable File Formats File System...
[[0;32m  OK  [0m] Listening on Load/Save RF Kill Switch Status /dev/rfkill Watch.
[[0;32m  OK  [0m] Mounted Arbitrary Executable File Formats File System.
[[0;32m  OK  [0m] Started Set the console keyboard layout.
[[0;32m  OK  [0m] Started Dispatch Password Requests to Console Directory Watch.
[[0;32m  OK  [0m] Reached target Local Encrypted Volumes.
[[0;32m  OK  [0m] Reached target Local File Systems (Pre).
[[0;32m  OK  [0m] Reached target Local File Systems.
         Starting AppArmor initialization...
         Starting Tell Plymouth To Write Out Runtime Data...
         Starting Commit a transient machine-id on disk...
         Starting ebtables ruleset management...
         Starting Create Volatile Files and Directories...
         Starting Set console font and keymap...
[[0;32m  OK  [0m] Started Tell Plymouth To Write Out Runtime Data.
[[0;32m  OK  [0m] Started Create Volatile Files and Directories.
         Starting Update UTMP about System Boot/Shutdown...
[[0;32m  OK  [0m] Started Update UTMP about System Boot/Shutdown.
[[0;32m  OK  [0m] Started Commit a transient machine-id on disk.
[[0;32m  OK  [0m] Started ebtables ruleset management.
[[0;32m  OK  [0m] Started AppArmor initialization.
         Starting Load AppArmor profiles managed internally by snapd...
         Starting Initial cloud-init job (pre-networking)...
[[0;32m  OK  [0m] Started Load AppArmor profiles managed internally by snapd.
[[0;32m  OK  [0m] Started Set console font and keymap.
[    7.400491] cloud-init[886]: Cloud-init v. 23.1.2-0ubuntu0~18.04.1 running 'init-local' at Thu, 12 Dec 2024 06:54:12 +0000. Up 7.21 seconds.
[[0;32m  OK  [0m] Started Initial cloud-init job (pre-networking).
[[0;32m  OK  [0m] Reached target Network (Pre).
         Starting Network Service...
[[0;32m  OK  [0m] Started Network Service.
         Starting Network Name Resolution...
         Starting Wait for Network to be Configured...
[[0;32m  OK  [0m] Started Network Name Resolution.
[[0;32m  OK  [0m] Reached target Network.
[[0;32m  OK  [0m] Reached target Host and Network Name Lookups.
[[0;32m  OK  [0m] Started Wait for Network to be Configured.
         Starting Initial cloud-init job (metadata service crawler)...
[    9.356274] cloud-init[1046]: Cloud-init v. 23.1.2-0ubuntu0~18.04.1 running 'init' at Thu, 12 Dec 2024 06:54:14 +0000. Up 9.27 seconds.
[    9.368205] cloud-init[1046]: ci-info: ++++++++++++++++++++++++++++++++++++++Net device info+++++++++++++++++++++++++++++++++++++++
[    9.369197] cloud-init[1046]: ci-info: +--------+-------+----------------------------+---------------+--------+-------------------+
[    9.369711] cloud-init[1046]: ci-info: | Device |   Up  |          Address           |      Mask     | Scope  |     Hw-Address    |
[    9.370213] cloud-init[1046]: ci-info: +--------+-------+----------------------------+---------------+--------+-------------------+
[    9.371193] cloud-init[1046]: ci-info: | enp0s3 |  True |         10.0.2.15          | 255.255.255.0 | global | 02:3b:7b:b7:3b:2d |
[    9.371704] cloud-init[1046]: ci-info: | enp0s3 |  True | fd00::3b:7bff:feb7:3b2d/64 |       .       | global | 02:3b:7b:b7:3b:2d |
[    9.372307] cloud-init[1046]: ci-info: | enp0s3 |  True | fe80::3b:7bff:feb7:3b2d/64 |       .       |  link  | 02:3b:7b:b7:3b:2d |
[    9.372815] cloud-init[1046]: ci-info: | enp0s8 | False |             .              |       .       |   .    | 08:00:27:e9:4f:4a |
[    9.373290] cloud-init[1046]: ci-info: |   lo   |  True |         127.0.0.1          |   255.0.0.0   |  host  |         .         |
[    9.373798] cloud-init[1046]: ci-info: |   lo   |  True |          ::1/128           |       .       |  host  |         .         |
[    9.374326] cloud-init[1046]: ci-info: +--------+-------+----------------------------+---------------+--------+-------------------+
[    9.374868] cloud-init[1046]: ci-info: ++++++++++++++++++++++++++++Route IPv4 info+++++++++++++++++++++++++++++
[    9.375335] cloud-init[1046]: ci-info: +-------+-------------+----------+-----------------+-----------+-------+
[    9.375776] cloud-init[1046]: ci-info: | Route | Destination | Gateway  |     Genmask     | Interface | Flags |
[    9.376252] cloud-init[1046]: ci-info: +-------+-------------+----------+-----------------+-----------+-------+
[    9.376718] cloud-init[1046]: ci-info: |   0   |   0.0.0.0   | 10.0.2.2 |     0.0.0.0     |   enp0s3  |   UG  |
[    9.377167] cloud-init[1046]: ci-info: |   1   |   10.0.2.0  | 0.0.0.0  |  255.255.255.0  |   enp0s3  |   U   |
[    9.377609] cloud-init[1046]: ci-info: |   2   |   10.0.2.2  | 0.0.0.0  | 255.255.255.255 |   enp0s3  |   UH  |
[    9.378051] cloud-init[1046]: ci-info: +-------+-------------+----------+-----------------+-----------+-------+
[    9.378516] cloud-init[1046]: ci-info: +++++++++++++++++++Route IPv6 info+++++++++++++++++++
[    9.378932] cloud-init[1046]: ci-info: +-------+-------------+---------+-----------+-------+
[    9.379339] cloud-init[1046]: ci-info: | Route | Destination | Gateway | Interface | Flags |
[    9.379751] cloud-init[1046]: ci-info: +-------+-------------+---------+-----------+-------+
[    9.380159] cloud-init[1046]: ci-info: |   1   |  fd00::/64  |    ::   |   enp0s3  |   U   |
[    9.380581] cloud-init[1046]: ci-info: |   2   |  fe80::/64  |    ::   |   enp0s3  |   U   |
[    9.380977] cloud-init[1046]: ci-info: |   3   |     ::/0    | fe80::2 |   enp0s3  |   UG  |
[    9.381373] cloud-init[1046]: ci-info: |   5   |    local    |    ::   |   enp0s3  |   U   |
[    9.381770] cloud-init[1046]: ci-info: |   6   |   ff00::/8  |    ::   |   enp0s3  |   U   |
[    9.382165] cloud-init[1046]: ci-info: +-------+-------------+---------+-----------+-------+
[    9.944378] cloud-init[1046]: Generating public/private rsa key pair.
[    9.945298] cloud-init[1046]: Your identification has been saved in /etc/ssh/ssh_host_rsa_key.
[    9.945809] cloud-init[1046]: Your public key has been saved in /etc/ssh/ssh_host_rsa_key.pub.
[    9.946322] cloud-init[1046]: The key fingerprint is:
[    9.946616] cloud-init[1046]: SHA256:kEiXuf00pYxf7lWXCYTQ4D9Yy8OsagEgNg9GgLP5qoo root@ubuntu-bionic
[    9.947249] cloud-init[1046]: The key's randomart image is:
[    9.947661] cloud-init[1046]: +---[RSA 2048]----+
[    9.948042] cloud-init[1046]: |=.  . .o o+ o.   |
[    9.948366] cloud-init[1046]: |o* o oo..  o..   |
[    9.948637] cloud-init[1046]: |o+= o oo + +  . o|
[    9.948897] cloud-init[1046]: |o  . ...o % o  oo|
[    9.949162] cloud-init[1046]: | .    . S= %   ..|
[    9.949426] cloud-init[1046]: |  .    .  + + .  |
[    9.949686] cloud-init[1046]: | .      .. . .   |
[    9.949945] cloud-init[1046]: |o      ..   .    |
[    9.950245] cloud-init[1046]: |E     ..         |
[    9.950571] cloud-init[1046]: +----[SHA256]-----+
[    9.950878] cloud-init[1046]: Generating public/private dsa key pair.
[    9.951168] cloud-init[1046]: Your identification has been saved in /etc/ssh/ssh_host_dsa_key.
[    9.951527] cloud-init[1046]: Your public key has been saved in /etc/ssh/ssh_host_dsa_key.pub.
[    9.951956] cloud-init[1046]: The key fingerprint is:
[    9.952321] cloud-init[1046]: SHA256:+NdmoKuadKnNd2gI2o0fQtizS5BCw8byzZeJgxB7ajM root@ubuntu-bionic
[    9.952739] cloud-init[1046]: The key's randomart image is:
[    9.953050] cloud-init[1046]: +---[DSA 1024]----+
[    9.953365] cloud-init[1046]: |.                |
[    9.953636] cloud-init[1046]: |oo               |
[    9.953899] cloud-init[1046]: |+*.              |
[    9.954152] cloud-init[1046]: |+=.B . +         |
[    9.954416] cloud-init[1046]: |oE* O = S .      |
[    9.954713] cloud-init[1046]: |..oo.= o . o     |
[    9.955015] cloud-init[1046]: |   o=++.o.. +    |
[    9.955344] cloud-init[1046]: |  .ooOo.+o.o     |
[    9.955655] cloud-init[1046]: |    =o=+..       |
[    9.955970] cloud-init[1046]: +----[SHA256]-----+
[    9.956289] cloud-init[1046]: Generating public/private ecdsa key pair.
[    9.956646] cloud-init[1046]: Your identification has been saved in /etc/ssh/ssh_host_ecdsa_key.
[    9.957043] cloud-init[1046]: Your public key has been saved in /etc/ssh/ssh_host_ecdsa_key.pub.
[    9.957418] cloud-init[1046]: The key fingerprint is:
[    9.957723] cloud-init[1046]: SHA256:yIvSvWIvlUw6dkVnmfzwfZ5VMjCYsADyPEPTKkqQVko root@ubuntu-bionic
[    9.958162] cloud-init[1046]: The key's randomart image is:
[    9.958471] cloud-init[1046]: +---[ECDSA 256]---+
[    9.958764] cloud-init[1046]: | Eo.+o. .o =o.   |
[    9.959043] cloud-init[1046]: |+..= .....X  .o .|
[    9.959333] cloud-init[1046]: |o.  =. ..o + . o.|
[    9.959640] cloud-init[1046]: | .. .+...   o . o|
[    9.959924] cloud-init[1046]: |.. . +ooS      oo|
[    9.960264] cloud-init[1046]: |.  .+o=.       ..|
[    9.960557] cloud-init[1046]: |  ..o+o          |
[    9.960846] cloud-init[1046]: |   .+  .         |
[    9.961138] cloud-init[1046]: |   . +o          |
[    9.961419] cloud-init[1046]: +----[SHA256]-----+
[    9.961701] cloud-init[1046]: Generating public/private ed25519 key pair.
[    9.962043] cloud-init[1046]: Your identification has been saved in /etc/ssh/ssh_host_ed25519_key.
[    9.962449] cloud-init[1046]: Your public key has been saved in /etc/ssh/ssh_host_ed25519_key.pub.
[    9.962746] cloud-init[1046]: The key fingerprint is:
[    9.962989] cloud-init[1046]: SHA256:9tmI76SrGiUiIWhYpPZjzZYCZQDvinNYfn6g86BgwSk root@ubuntu-bionic
[    9.963378] cloud-init[1046]: The key's randomart image is:
[    9.963715] cloud-init[1046]: +--[ED25519 256]--+
[    9.963991] cloud-init[1046]: |oo+o             |
[    9.964315] cloud-init[1046]: |o+o              |
[    9.964599] cloud-init[1046]: |*+.              |
[    9.964891] cloud-init[1046]: |=o+ o .          |
[    9.965188] cloud-init[1046]: |E++=.=. S        |
[    9.965474] cloud-init[1046]: |o*o.=o . o +     |
[    9.965753] cloud-init[1046]: |*.+.o.  . = .    |
[    9.966044] cloud-init[1046]: |o+o+ ..  +       |
[    9.966344] cloud-init[1046]: |.  o+o..ooo      |
[    9.966634] cloud-init[1046]: +----[SHA256]-----+
[[0;32m  OK  [0m] Started Initial cloud-init job (metadata service crawler).
[[0;32m  OK  [0m] Reached target Cloud-config availability.
[[0;32m  OK  [0m] Reached target System Initialization.
[[0;32m  OK  [0m] Listening on Open-iSCSI iscsid Socket.
[[0;32m  OK  [0m] Started Message of the Day.
[[0;32m  OK  [0m] Listening on cloud-init hotplug hook socket.
[[0;32m  OK  [0m] Listening on D-Bus System Message Bus Socket.
         Starting Socket activation for snappy daemon.
[[0;32m  OK  [0m] Started Discard unused blocks once a week.
[[0;32m  OK  [0m] Started Daily Cleanup of Temporary Directories.
[[0;32m  OK  [0m] Listening on ACPID Listen Socket.
[[0;32m  OK  [0m] Started Ubuntu Advantage Timer for running repeated jobs.
         Starting LXD - unix socket.
[[0;32m  OK  [0m] Started Daily apt download activities.
[[0;32m  OK  [0m] Started Daily apt upgrade and clean activities.
[[0;32m  OK  [0m] Reached target Timers.
[[0;32m  OK  [0m] Started ACPI Events Check.
[[0;32m  OK  [0m] Reached target Paths.
[[0;32m  OK  [0m] Listening on UUID daemon activation socket.
[[0;32m  OK  [0m] Reached target Network is Online.
         Starting Availability of block devices...
[[0;32m  OK  [0m] Reached target Remote File Systems (Pre).
[[0;32m  OK  [0m] Reached target Remote File Systems.
[[0;32m  OK  [0m] Listening on Socket activation for snappy daemon.
[[0;32m  OK  [0m] Listening on LXD - unix socket.
[[0;32m  OK  [0m] Reached target Sockets.
[[0;32m  OK  [0m] Reached target Basic System.
         Starting Pollinate to seed the pseudo random number generator...
[[0;32m  OK  [0m] Started Deferred execution scheduler.
         Starting Dispatcher daemon for systemd-networkd...
         Starting Accounts Service...
         Starting LXD - container startup/shutdown...
         Starting Permit User Sessions...
[[0;32m  OK  [0m] Started irqbalance daemon.
         Starting System Logging Service...
         Starting Login Service...
[[0;32m  OK  [0m] Started Regular background program processing daemon.
         Starting LSB: automatic crash report generation...
[[0;32m  OK  [0m] Started D-Bus System Message Bus.
[[0;32m  OK  [0m] Started FUSE filesystem for LXC.
[[0;32m  OK  [0m] Reached target Login Prompts (Pre).
         Starting LSB: Record successful boot for GRUB...
         Starting Virtualbox guest utils...
         Starting Snap Daemon...
[[0;32m  OK  [0m] Started System Logging Service.
[[0;32m  OK  [0m] Started Availability of block devices.
[[0;32m  OK  [0m] Started Permit User Sessions.
[[0;32m  OK  [0m] Started Login Service.
         Starting Authorization Manager...
[[0;32m  OK  [0m] Started Unattended Upgrades Shutdown.
         Starting Hostname Service...
         Starting Terminate Plymouth Boot Screen...
         Starting Hold until boot process finishes up...
[[0;32m  OK  [0m] Started Hold until boot process finishes up.
[[0;32m  OK  [0m] Started Serial Getty on ttyS0.
         Starting Set console scheme...
[[0;32m  OK  [0m] Started Terminate Plymouth Boot Screen.
[[0;32m  OK  [0m] Started LSB: automatic crash report generation.
[[0;32m  OK  [0m] Started Authorization Manager.
[[0;32m  OK  [0m] Started Accounts Service.
[[0;32m  OK  [0m] Started Set console scheme.
[[0;32m  OK  [0m] Created slice system-getty.slice.
[[0;32m  OK  [0m] Started Getty on tty1.
[[0;32m  OK  [0m] Reached target Login Prompts.
[[0;32m  OK  [0m] Started LXD - container startup/shutdown.
[[0;32m  OK  [0m] Started Hostname Service.
[[0;32m  OK  [0m] Started LSB: Record successful boot for GRUB.
[[0;32m  OK  [0m] Started Virtualbox guest utils.
[[0;32m  OK  [0m] Started Dispatcher daemon for systemd-networkd.
[[0;32m  OK  [0m] Started Snap Daemon.
         Starting Wait until snapd is fully seeded...
         Starting Time & Date Service...
[[0;32m  OK  [0m] Started Time & Date Service.
[[0;32m  OK  [0m] Started Pollinate to seed the pseudo random number generator.
         Starting OpenBSD Secure Shell server...
[[0;32m  OK  [0m] Started OpenBSD Secure Shell server.
[[0;32m  OK  [0m] Created slice User Slice of vagrant.
         Starting User Manager for UID 1000...
[[0;32m  OK  [0m] Started Session 1 of user vagrant.
[[0;32m  OK  [0m] Started User Manager for UID 1000.
[[0;32m  OK  [0m] Started Wait until snapd is fully seeded.
         Starting Apply the settings specified in cloud-config...
[   14.313981] cloud-init[1855]: Cloud-init v. 23.1.2-0ubuntu0~18.04.1 running 'modules:config' at Thu, 12 Dec 2024 06:54:19 +0000. Up 14.08 seconds.
[[0;32m  OK  [0m] Started Apply the settings specified in cloud-config.
[[0;32m  OK  [0m] Reached target Multi-User System.
[[0;32m  OK  [0m] Reached target Graphical Interface.
         Starting Update UTMP about System Runlevel Changes...
         Starting Execute cloud user/final scripts...
[[0;32m  OK  [0m] Started Update UTMP about System Runlevel Changes.
ci-info: no authorized SSH keys fingerprints found for user ubuntu.
<14>Dec 12 06:54:19 cloud-init: #############################################################
<14>Dec 12 06:54:19 cloud-init: -----BEGIN SSH HOST KEY FINGERPRINTS-----
<14>Dec 12 06:54:19 cloud-init: 1024 SHA256:+NdmoKuadKnNd2gI2o0fQtizS5BCw8byzZeJgxB7ajM root@ubuntu-bionic (DSA)
<14>Dec 12 06:54:19 cloud-init: 256 SHA256:yIvSvWIvlUw6dkVnmfzwfZ5VMjCYsADyPEPTKkqQVko root@ubuntu-bionic (ECDSA)
<14>Dec 12 06:54:19 cloud-init: 256 SHA256:9tmI76SrGiUiIWhYpPZjzZYCZQDvinNYfn6g86BgwSk root@ubuntu-bionic (ED25519)
<14>Dec 12 06:54:19 cloud-init: 2048 SHA256:kEiXuf00pYxf7lWXCYTQ4D9Yy8OsagEgNg9GgLP5qoo root@ubuntu-bionic (RSA)
<14>Dec 12 06:54:19 cloud-init: -----END SSH HOST KEY FINGERPRINTS-----
<14>Dec 12 06:54:19 cloud-init: #############################################################
-----BEGIN SSH HOST KEY KEYS-----
ecdsa-sha2-nistp256 AAAAE2VjZHNhLXNoYTItbmlzdHAyNTYAAAAIbmlzdHAyNTYAAABBBHvgd55DUdM3J2gccIq7ROLpBUKA/ez33xgVsTkwcKHrLLG6OYc4HAgZJhfVb+fOs4yPX0LS92mANVYzR+K0rVI= root@ubuntu-bionic
ssh-ed25519 AAAAC3NzaC1lZDI1NTE5AAAAIDxLM1dj3M/hLLguSbIf0ulSNyMCHLuz6P0XJq0KdsjI root@ubuntu-bionic
ssh-rsa AAAAB3NzaC1yc2EAAAADAQABAAABAQDYcxONeCf/eJtA+VlmHeNNvYTLjZqViL7tHajVfd4+pZNnpOpMIP/EjXFZIVVHcOO8VTitIafqnhL33KT/VpIM8aVUsBvrQLr8DPvQLl+5/q0hZrhHOmv0zEgMjaRf0PNDwyE86hEpsmx3M9UDsmzUqo70dR1SebiqVHUkVufsNcGjQVxymxknilPXRY232VeRfE/EjREwr2uJ1uKQyPuVix1Sq1lqcqRJ32sYZQg9mAzDbj8R5FqO7yorTOkP4yCHPxqCwJRVW/4lLP3K7/x9ie4cM/8AnI4fnYZAbnZzv500oh/Gf4GsPqlLXdq+r5eC/TOtx+aGAbFzujcxRnFh root@ubuntu-bionic
-----END SSH HOST KEY KEYS-----
[   14.731310] cloud-init[1943]: Cloud-init v. 23.1.2-0ubuntu0~18.04.1 running 'modules:final' at Thu, 12 Dec 2024 06:54:19 +0000. Up 14.62 seconds.
[   14.731849] cloud-init[1943]: Cloud-init v. 23.1.2-0ubuntu0~18.04.1 finished at Thu, 12 Dec 2024 06:54:19 +0000. Datasource DataSourceNoCloud [seed=/dev/sdb][dsmode=net].  Up 14.72 seconds
[[0;32m  OK  [0m] Started Execute cloud user/final scripts.
[[0;32m  OK  [0m] Reached target Cloud-init target.

Ubuntu 18.04.6 LTS ubuntu-bionic ttyS0

ubuntu-bionic login: [[0;32m  OK  [0m] Stopped target Graphical Interface.
[[0;32m  OK  [0m] Stopped target Timers.
[[0;32m  OK  [0m] Stopped Message of the Day.
[[0;32m  OK  [0m] Stopped target Host and Network Name Lookups.
[[0;32m  OK  [0m] Stopped Daily Cleanup of Temporary Directories.
         Stopping Accounts Service...
[[0;32m  OK  [0m] Closed Load/Save RF Kill Switch Status /dev/rfkill Watch.
[[0;32m  OK  [0m] Stopped Ubuntu Advantage Timer for running repeated jobs.
[[0;32m  OK  [0m] Stopped Discard unused blocks once a week.
         Stopping Session 5 of user vagrant.
[[0;32m  OK  [0m] Stopped target Cloud-init target.
[[0;32m  OK  [0m] Stopped Execute cloud user/final scripts.
[[0;32m  OK  [0m] Stopped Apply the settings specified in cloud-config.
[[0;32m  OK  [0m] Stopped target Cloud-config availability.
[[0;32m  OK  [0m] Stopped target Multi-User System.
         Stopping irqbalance daemon...
[[0;32m  OK  [0m] Stopped target Login Prompts.
         Stopping Serial Getty on ttyS0...
         Stopping Getty on tty1...
         Stopping LSB: automatic crash report generation...
         Stopping Regular background program processing daemon...
         Stopping LXD - container startup/shutdown...
         Stopping System Logging Service...
         Stopping LSB: Record successful boot for GRUB...
         Stopping FUSE filesystem for LXC...
         Stopping Virtualbox guest utils...
[[0;32m  OK  [0m] Stopped Wait until snapd is fully seeded.
         Stopping D-Bus System Message Bus...
         Stopping Deferred execution scheduler...
         Stopping OpenBSD Secure Shell server...
[[0;32m  OK  [0m] Stopped target Network is Online.
         Stopping Availability of block devices...
         Stopping Dispatcher daemon for systemd-networkd...
         Stopping Authorization Manager...
         Stopping User Manager for UID 1000...
[[0;32m  OK  [0m] Stopped Daily apt upgrade and clean activities.
[[0;32m  OK  [0m] Stopped Daily apt download activities.
[[0;32m  OK  [0m] Stopped target System Time Synchronized.
[[0;32m  OK  [0m] Unmounted /var/lib/lxcfs.
[[0;32m  OK  [0m] Stopped Deferred execution scheduler.
[[0;32m  OK  [0m] Stopped Dispatcher daemon for systemd-networkd.
[[0;32m  OK  [0m] Stopped Accounts Service.
[[0;32m  OK  [0m] Stopped irqbalance daemon.
[[0;32m  OK  [0m] Stopped System Logging Service.
[[0;32m  OK  [0m] Stopped Regular background program processing daemon.
[[0;32m  OK  [0m] Stopped Serial Getty on ttyS0.
[[0;32m  OK  [0m] Stopped Getty on tty1.
[[0;32m  OK  [0m] Stopped OpenBSD Secure Shell server.
[[0;32m  OK  [0m] Stopped Authorization Manager.
[[0;32m  OK  [0m] Stopped User Manager for UID 1000.
[[0;32m  OK  [0m] Stopped D-Bus System Message Bus.
[[0;32m  OK  [0m] Stopped Availability of block devices.
[[0;32m  OK  [0m] Stopped FUSE filesystem for LXC.
[[0;32m  OK  [0m] Stopped Session 5 of user vagrant.
[[0;32m  OK  [0m] Stopped LXD - container startup/shutdown.
[[0;32m  OK  [0m] Removed slice User Slice of vagrant.
         Stopping Login Service...
[[0;32m  OK  [0m] Removed slice system-getty.slice.
[[0;32m  OK  [0m] Stopped target Login Prompts (Pre).
         Stopping Permit User Sessions...
[[0;32m  OK  [0m] Removed slice system-serial\x2dgetty.slice.
[[0;32m  OK  [0m] Stopped LSB: Record successful boot for GRUB.
[[0;32m  OK  [0m] Stopped Permit User Sessions.
[[0;32m  OK  [0m] Stopped LSB: automatic crash report generation.
[[0;32m  OK  [0m] Stopped target Network.
         Stopping Network Name Resolution...
[[0;32m  OK  [0m] Stopped target Remote File Systems.
[[0;32m  OK  [0m] Stopped target Remote File Systems (Pre).
[[0;32m  OK  [0m] Stopped Virtualbox guest utils.
[[0;32m  OK  [0m] Stopped Network Name Resolution.
         Stopping Network Service...
[[0;32m  OK  [0m] Stopped Network Service.
[[0;32m  OK  [0m] Stopped Login Service.
[[0;32m  OK  [0m] Stopped target User and Group Name Lookups.
[[0;32m  OK  [0m] Stopped target Basic System.
[[0;32m  OK  [0m] Stopped target Slices.
[[0;32m  OK  [0m] Removed slice User and Session Slice.
[[0;32m  OK  [0m] Stopped target Paths.
[[0;32m  OK  [0m] Stopped ACPI Events Check.
[[0;32m  OK  [0m] Stopped target Sockets.
[[0;32m  OK  [0m] Closed UUID daemon activation socket.
[[0;32m  OK  [0m] Closed ACPID Listen Socket.
[[0;32m  OK  [0m] Closed LXD - unix socket.
[[0;32m  OK  [0m] Closed Syslog Socket.
[[0;32m  OK  [0m] Closed cloud-init hotplug hook socket.
[[0;32m  OK  [0m] Closed Open-iSCSI iscsid Socket.
[[0;32m  OK  [0m] Closed Socket activation for snappy daemon.
[[0;32m  OK  [0m] Closed D-Bus System Message Bus Socket.
[[0;32m  OK  [0m] Stopped target System Initialization.
[[0;32m  OK  [0m] Stopped Commit a transient machine-id on disk.
[[0;32m  OK  [0m] Stopped target Local Encrypted Volumes.
[[0;32m  OK  [0m] Stopped Dispatch Password Requests to Console Directory Watch.
[[0;32m  OK  [0m] Stopped Forward Password Requests to Wall Directory Watch.
         Stopping Load/Save Random Seed...
         Stopping Update UTMP about System Boot/Shutdown...
[[0;32m  OK  [0m] Stopped Initial cloud-init job (metadata service crawler).
[[0;32m  OK  [0m] Stopped Apply Kernel Variables.
[[0;32m  OK  [0m] Stopped Load Kernel Modules.
[[0;32m  OK  [0m] Stopped target Network (Pre).
[[0;32m  OK  [0m] Stopped Initial cloud-init job (pre-networking).
[[0;32m  OK  [0m] Stopped Load/Save Random Seed.
[[0;32m  OK  [0m] Stopped Update UTMP about System Boot/Shutdown.
[[0;32m  OK  [0m] Stopped Create Volatile Files and Directories.
[[0;32m  OK  [0m] Stopped target Local File Systems.
[[0;32m  OK  [0m] Stopped target Mounted snaps.
[[0;32m  OK  [0m] Stopped target Mounting snaps.
         Unmounting /run/user/1000...
[[0;32m  OK  [0m] Unmounted /run/user/1000.
[[0;32m  OK  [0m] Reached target Unmount All Filesystems.
[[0;32m  OK  [0m] Stopped target Swap.
[[0;32m  OK  [0m] Stopped target Local File Systems (Pre).
[[0;32m  OK  [0m] Stopped Create Static Device Nodes in /dev.
         Stopping Monitoring of LVM2 mirrorsâ€¦ng dmeventd or progress polling...
[[0;32m  OK  [0m] Stopped Remount Root and Kernel File Systems.
[[0;32m  OK  [0m] Reached target Shutdown.
[[0;32m  OK  [0m] Reached target Final Step.
         Starting Power-Off...
[   78.642726] reboot: Power down
